13793 training rows; recipe=B3; modality=depth
Warning: You are sending unauthenticated requests to the HF Hub. Please set a HF_TOKEN to enable higher rate limits and faster downloads.
Loading weights:   0%|          | 0/473 [00:00<?, ?it/s]Loading weights:  35%|███▌      | 166/473 [00:00<00:00, 1630.07it/s]Loading weights:  74%|███████▍  | 349/473 [00:00<00:00, 1745.73it/s]Loading weights: 100%|██████████| 473/473 [00:00<00:00, 2112.30it/s]
[W907 19:51:05.066187335 CUDACachingAllocator.cpp:3934] memory allocation failed with OOM on device 0 while trying to allocate 872415232 bytes (free: 165609472, total: 25229131776).
[W907 19:51:08.072819281 CUDACachingAllocator.cpp:3934] memory allocation failed with OOM on device 0 while trying to allocate 868220928 bytes (free: 150929408, total: 25229131776).
[W907 19:51:13.482475035 CUDACachingAllocator.cpp:3934] memory allocation failed with OOM on device 0 while trying to allocate 889192448 bytes (free: 226426880, total: 25229131776).
[W907 19:51:18.833161310 CUDACachingAllocator.cpp:3934] memory allocation failed with OOM on device 0 while trying to allocate 872415232 bytes (free: 182386688, total: 25229131776).
[W907 19:51:23.880502245 CUDACachingAllocator.cpp:3934] memory allocation failed with OOM on device 0 while trying to allocate 889192448 bytes (free: 245301248, total: 25229131776).
[W907 19:51:23.882326599 CUDACachingAllocator.cpp:3934] memory allocation failed with OOM on device 0 while trying to allocate 889192448 bytes (free: 320798720, total: 25229131776).
trainable params: 1,081,344 || all params: 854,067,264 || trainable%: 0.1266
Traceback (most recent call last):
  File "/data/dev/navid/kd-vago-ubuntu-two/workspace/Knowledge_Distillation_for_Sensory_Substitution_in_Multimodal_Models/distillation/train_student.py", line 347, in <module>
    main()
  File "/data/dev/navid/kd-vago-ubuntu-two/workspace/Knowledge_Distillation_for_Sensory_Substitution_in_Multimodal_Models/distillation/train_student.py", line 252, in main
    (loss / accumulation).backward()
  File "/data/dev/navid/kd-vago-ubuntu-two/workspace/Knowledge_Distillation_for_Sensory_Substitution_in_Multimodal_Models/.venv-models/lib/python3.12/site-packages/torch/_tensor.py", line 623, in backward
    torch.autograd.backward(
  File "/data/dev/navid/kd-vago-ubuntu-two/workspace/Knowledge_Distillation_for_Sensory_Substitution_in_Multimodal_Models/.venv-models/lib/python3.12/site-packages/torch/autograd/__init__.py", line 395, in backward
    _engine_run_backward(
  File "/data/dev/navid/kd-vago-ubuntu-two/workspace/Knowledge_Distillation_for_Sensory_Substitution_in_Multimodal_Models/.venv-models/lib/python3.12/site-packages/torch/autograd/graph.py", line 1072, in _engine_run_backward
    return Variable._execution_engine.run_backward(  # Calls into the C++ engine to run the backward pass
           ^^^^^^^^^^^^^^^^^^^^^^^^^^^^^^^^^^^^^^^^^^^^^^^^^^^^^^^^^^^^^^^^^^^^^^^^^^^^^^^^^^^^^^^^^^^^^^
torch.OutOfMemoryError: CUDA out of memory. Tried to allocate 848.00 MiB. GPU 0 has a total capacity of 23.50 GiB of which 305.94 MiB is free. Process 9454 has 8.45 GiB memory in use. Including non-PyTorch memory, this process has 14.72 GiB memory in use. Of the allocated memory 12.05 GiB is allocated by PyTorch, and 2.20 GiB is reserved by PyTorch but unallocated. If reserved but unallocated memory is large try setting PYTORCH_CUDA_ALLOC_CONF=expandable_segments:True to avoid fragmentation.  See documentation for Memory Management  (https://docs.pytorch.org/docs/stable/notes/cuda.html#optimizing-memory-usage-with-pytorch-cuda-alloc-conf)
